https://docs.microsoft.com/en-us/dotnet/articles/core/tutorials/using-on-windows-full-solution